// Jest Snapshot v1, https://goo.gl/fbAQLP

exports[`ListContainerView should render on initalState 1`] = `
<div
  className="className flex-column justify-content-start align-items-center"
>
  <RowComponent
    className="tab "
    footerClass="footerLogo"
    footerClickArgs={
      Array [
        0,
      ]
    }
    footerIcon={false}
    headerClass="icon inboxLogo"
    headerIcon="INBOX"
    key="0"
    mainContent="Inbox"
    onClick={[Function]}
  />
</div>
`;
